2024-12-04 23:17:25 [main] INFO : Кошик створено.
2024-12-08 14:36:25 [main] INFO : Кошик створено.
2024-12-25 21:56:37 [main] INFO : Кошик створено.
2024-12-25 21:56:37 [main] INFO : Починається завантаження аптек із файлу: pharmacies.txt
2024-12-25 21:56:37 [main] INFO : Створено аптеку: Pharmacy 1, координати: (0.0, 1.0)
2024-12-25 21:56:37 [main] INFO : Аптеку Pharmacy 1 успішно додано.
2024-12-25 21:56:37 [main] INFO : Створено аптеку: Pharmacy 2, координати: (2.0, 0.0)
2024-12-25 21:56:37 [main] INFO : Аптеку Pharmacy 2 успішно додано.
2024-12-25 21:56:37 [main] INFO : Створено аптеку: Pharmacy 3, координати: (4.0, 1.0)
2024-12-25 21:56:37 [main] INFO : Аптеку Pharmacy 3 успішно додано.
2024-12-25 21:56:57 [main] INFO : Кошик очищено.
2024-12-25 21:57:07 [main] INFO : Додано до кошика: paracetamol (кількість: 1).
2024-12-25 21:57:27 [main] INFO : Додано до кошика: ibuprofen (кількість: 1).
2024-12-25 21:57:38 [main] INFO : Видалено з кошика: paracetamol.
2024-12-25 21:57:56 [main] INFO : Inventory updated successfully for pharmacy: Pharmacy 2
2024-12-25 21:57:56 [main] INFO : Кошик очищено.
2024-12-25 22:04:17 [main] INFO : Кошик створено.
2024-12-25 22:04:17 [main] INFO : Починається завантаження аптек із файлу: pharmacies.txt
2024-12-25 22:04:17 [main] INFO : Створено аптеку: Pharmacy 1, координати: (0.0, 1.0)
2024-12-25 22:04:17 [main] INFO : Аптеку Pharmacy 1 успішно додано.
2024-12-25 22:04:17 [main] INFO : Створено аптеку: Pharmacy 2, координати: (2.0, 0.0)
2024-12-25 22:04:17 [main] INFO : Аптеку Pharmacy 2 успішно додано.
2024-12-25 22:04:17 [main] INFO : Створено аптеку: Pharmacy 3, координати: (4.0, 1.0)
2024-12-25 22:04:17 [main] INFO : Аптеку Pharmacy 3 успішно додано.
2024-12-25 22:39:53 [main] INFO : Кошик створено.
2024-12-25 22:39:53 [main] INFO : Починається завантаження аптек із файлу: pharmacies.txt
2024-12-25 22:39:53 [main] INFO : Створено аптеку: Pharmacy 1, координати: (0.0, 1.0)
2024-12-25 22:39:53 [main] INFO : Аптеку Pharmacy 1 успішно додано.
2024-12-25 22:39:53 [main] INFO : Створено аптеку: Pharmacy 2, координати: (2.0, 0.0)
2024-12-25 22:39:53 [main] INFO : Аптеку Pharmacy 2 успішно додано.
2024-12-25 22:39:53 [main] INFO : Створено аптеку: Pharmacy 3, координати: (4.0, 1.0)
2024-12-25 22:39:53 [main] INFO : Аптеку Pharmacy 3 успішно додано.
2024-12-25 22:40:05 [main] INFO : Найближча аптека: Pharmacy 1 (відстань: 1.4142135623730951).
2024-12-25 22:40:36 [main] INFO : Додано до кошика: paracetamol (кількість: 2).
2024-12-25 22:41:08 [main] INFO : Inventory updated successfully for pharmacy: Pharmacy 1
2024-12-25 22:41:08 [main] INFO : Кошик очищено.
2024-12-25 22:42:08 [main] INFO : Кошик створено.
2024-12-25 22:42:08 [main] INFO : Починається завантаження аптек із файлу: pharmacies.txt
2024-12-25 22:42:08 [main] INFO : Створено аптеку: Pharmacy 1, координати: (0.0, 1.0)
2024-12-25 22:42:08 [main] INFO : Аптеку Pharmacy 1 успішно додано.
2024-12-25 22:42:08 [main] INFO : Створено аптеку: Pharmacy 2, координати: (2.0, 0.0)
2024-12-25 22:42:08 [main] INFO : Аптеку Pharmacy 2 успішно додано.
2024-12-25 22:42:08 [main] INFO : Створено аптеку: Pharmacy 3, координати: (4.0, 1.0)
2024-12-25 22:42:08 [main] INFO : Аптеку Pharmacy 3 успішно додано.
2024-12-25 22:42:55 [main] INFO : Кошик створено.
2024-12-25 22:42:55 [main] INFO : Починається завантаження аптек із файлу: pharmacies.txt
2024-12-25 22:42:55 [main] INFO : Створено аптеку: Pharmacy 1, координати: (0.0, 1.0)
2024-12-25 22:42:55 [main] INFO : Аптеку Pharmacy 1 успішно додано.
2024-12-25 22:42:55 [main] INFO : Створено аптеку: Pharmacy 2, координати: (2.0, 0.0)
2024-12-25 22:42:55 [main] INFO : Аптеку Pharmacy 2 успішно додано.
2024-12-25 22:42:55 [main] INFO : Створено аптеку: Pharmacy 3, координати: (4.0, 1.0)
2024-12-25 22:42:55 [main] INFO : Аптеку Pharmacy 3 успішно додано.
2024-12-25 22:43:03 [main] INFO : Найближча аптека: Pharmacy 2 (відстань: 1.0).
2024-12-25 22:43:23 [main] INFO : Додано до кошика: aspirin (кількість: 1).
2024-12-25 22:58:06 [main] INFO : Кошик створено.
2024-12-25 22:58:06 [main] INFO : Починається завантаження аптек із файлу: pharmacies.txt
2024-12-25 22:58:06 [main] INFO : Створено аптеку: Pharmacy 1, координати: (0.0, 1.0)
2024-12-25 22:58:06 [main] INFO : Аптеку Pharmacy 1 успішно додано.
2024-12-25 22:58:06 [main] INFO : Створено аптеку: Pharmacy 2, координати: (2.0, 0.0)
2024-12-25 22:58:06 [main] INFO : Аптеку Pharmacy 2 успішно додано.
2024-12-25 22:58:06 [main] INFO : Створено аптеку: Pharmacy 3, координати: (4.0, 1.0)
2024-12-25 22:58:06 [main] INFO : Аптеку Pharmacy 3 успішно додано.
2024-12-25 23:12:31 [main] INFO : Кошик створено.
2024-12-25 23:12:31 [main] INFO : Починається завантаження аптек із файлу: pharmacies.txt
2024-12-25 23:12:31 [main] INFO : Створено аптеку: Pharmacy 1, координати: (0.0, 1.0)
2024-12-25 23:12:31 [main] INFO : Аптеку Pharmacy 1 успішно додано.
2024-12-25 23:12:31 [main] INFO : Створено аптеку: Pharmacy 2, координати: (2.0, 0.0)
2024-12-25 23:12:31 [main] INFO : Аптеку Pharmacy 2 успішно додано.
2024-12-25 23:12:31 [main] INFO : Створено аптеку: Pharmacy 3, координати: (4.0, 1.0)
2024-12-25 23:12:31 [main] INFO : Аптеку Pharmacy 3 успішно додано.
2024-12-25 23:12:46 [main] INFO : Додано до кошика: aspirin (кількість: 1).
2024-12-25 23:12:57 [main] INFO : Кошик очищено.
2024-12-25 23:13:07 [main] INFO : Inventory updated successfully for pharmacy: Pharmacy 2
2024-12-25 23:13:07 [main] INFO : Кошик очищено.
2024-12-25 23:13:42 [main] INFO : Найближча аптека: Pharmacy 2 (відстань: 1.0).
2024-12-25 23:19:04 [main] INFO : Кошик створено.
2024-12-25 23:19:04 [main] INFO : Починається завантаження аптек із файлу: pharmacies.txt
2024-12-25 23:19:04 [main] INFO : Створено аптеку: Pharmacy 1, координати: (0.0, 1.0)
2024-12-25 23:19:04 [main] INFO : Аптеку Pharmacy 1 успішно додано.
2024-12-25 23:19:04 [main] INFO : Створено аптеку: Pharmacy 2, координати: (2.0, 0.0)
2024-12-25 23:19:04 [main] INFO : Аптеку Pharmacy 2 успішно додано.
2024-12-25 23:19:04 [main] INFO : Створено аптеку: Pharmacy 3, координати: (4.0, 1.0)
2024-12-25 23:19:04 [main] INFO : Аптеку Pharmacy 3 успішно додано.
2024-12-25 23:19:15 [main] INFO : Найближча аптека: Pharmacy 1 (відстань: 2.23606797749979).
2024-12-25 23:20:51 [main] INFO : Кошик створено.
2024-12-25 23:20:51 [main] INFO : Починається завантаження аптек із файлу: pharmacies.txt
2024-12-25 23:20:51 [main] INFO : Створено аптеку: Pharmacy 1, координати: (0.0, 1.0)
2024-12-25 23:20:51 [main] INFO : Аптеку Pharmacy 1 успішно додано.
2024-12-25 23:20:51 [main] INFO : Створено аптеку: Pharmacy 2, координати: (2.0, 0.0)
2024-12-25 23:20:51 [main] INFO : Аптеку Pharmacy 2 успішно додано.
2024-12-25 23:20:51 [main] INFO : Створено аптеку: Pharmacy 3, координати: (4.0, 1.0)
2024-12-25 23:20:51 [main] INFO : Аптеку Pharmacy 3 успішно додано.
2024-12-25 23:20:57 [main] INFO : Найближча аптека: Pharmacy 1 (відстань: 1.4142135623730951).
2024-12-25 23:21:31 [main] INFO : Кошик створено.
2024-12-25 23:21:31 [main] INFO : Починається завантаження аптек із файлу: pharmacies.txt
2024-12-25 23:21:31 [main] INFO : Створено аптеку: Pharmacy 1, координати: (0.0, 1.0)
2024-12-25 23:21:31 [main] INFO : Аптеку Pharmacy 1 успішно додано.
2024-12-25 23:21:31 [main] INFO : Створено аптеку: Pharmacy 2, координати: (2.0, 0.0)
2024-12-25 23:21:31 [main] INFO : Аптеку Pharmacy 2 успішно додано.
2024-12-25 23:21:31 [main] INFO : Створено аптеку: Pharmacy 3, координати: (4.0, 1.0)
2024-12-25 23:21:31 [main] INFO : Аптеку Pharmacy 3 успішно додано.
2024-12-25 23:21:39 [main] INFO : Найближча аптека: Pharmacy 3 (відстань: 0.5).
2024-12-25 23:22:09 [main] INFO : Додано до кошика: aspirin (кількість: 2).
2024-12-25 23:22:14 [main] INFO : Inventory updated successfully for pharmacy: Pharmacy 1
2024-12-25 23:22:14 [main] INFO : Кошик очищено.
2024-12-25 23:22:45 [main] INFO : Кошик створено.
2024-12-25 23:22:45 [main] INFO : Починається завантаження аптек із файлу: pharmacies.txt
2024-12-25 23:22:45 [main] INFO : Створено аптеку: Pharmacy 1, координати: (0.0, 1.0)
2024-12-25 23:22:45 [main] INFO : Аптеку Pharmacy 1 успішно додано.
2024-12-25 23:22:45 [main] INFO : Створено аптеку: Pharmacy 2, координати: (2.0, 0.0)
2024-12-25 23:22:45 [main] INFO : Аптеку Pharmacy 2 успішно додано.
2024-12-25 23:22:45 [main] INFO : Створено аптеку: Pharmacy 3, координати: (4.0, 1.0)
2024-12-25 23:22:45 [main] INFO : Аптеку Pharmacy 3 успішно додано.
2024-12-25 23:22:54 [main] INFO : Найближча аптека: Pharmacy 3 (відстань: 8.06225774829855).
2024-12-25 23:23:11 [main] INFO : Додано до кошика: aspirin (кількість: 3).
2024-12-25 23:23:19 [main] INFO : Inventory updated successfully for pharmacy: Pharmacy 1
2024-12-25 23:23:19 [main] INFO : Кошик очищено.
